2026-10-02 11:53:42 INFO Target: esp32s3, Port: COM31
2026-10-02 11:53:49 INFO Target: esp32s3, Port: COM20
